// Jest Snapshot v1, https://goo.gl/fbAQLP

exports[`the <Link /> component should look like this 1`] = `
<div
  className="link-wrapper"
>
  <div
    className="score-wrapper"
  >
    <button
      className="upvote-button"
      onClick={[Function]}
    >
      <svg
        aria-label="up-arrow"
        className="upvote-up-arrow"
        height="7"
        id="svg-up-arrow"
        role="img"
        version="1.1"
        viewBox="0 0 11 7"
        width="11"
      >
        <path
          d="m.202 5.715c-.367.417-.217.755.329.755h9.438c.549 0 .702-.33.338-.742l-4.41-4.985c-.363-.41-.947-.412-1.322.013l-4.373 4.96"
        />
      </svg>
    </button>
    <span
      className="score-count"
    >
      10
    </span>
    <button
      className="downvote-button"
      onClick={[Function]}
    >
      <svg
        aria-label="down-arrow"
        className="downvote-down-arrow"
        height="7"
        id="svg-up-arrow"
        role="img"
        version="1.1"
        viewBox="0 0 11 7"
        width="11"
      >
        <path
          d="m.202 5.715c-.367.417-.217.755.329.755h9.438c.549 0 .702-.33.338-.742l-4.41-4.985c-.363-.41-.947-.412-1.322.013l-4.373 4.96"
        />
      </svg>
    </button>
  </div>
  <div
    className="link-content-wrapper"
    style={
      Object {
        "display": "inline-flex",
        "flexDirection": "column",
      }
    }
  >
    <div
      className="link-title-wrapper"
    >
      <a
        className="link-title"
        href="https://google.com"
      >
        Google
      </a>
      <a
        className="link-portal"
        href="https://google.com"
      >
        (
        google.com
        )
      </a>
    </div>
    <div
      className="meta-wrapper"
    >
      <ul
        className="meta-list"
      >
        <li
          className="meta-item"
        >
          <span
            style={
              Object {
                "marginRight": "2px",
              }
            }
          >
            by
          </span>
          <span
            className="username"
          >
            example
          </span>
        </li>
        <li
          className="meta-item"
        >
          <svg
            aria-hidden="true"
            className="svg-inline--fa fa-clock fa-w-16 fa-icon"
            data-icon="clock"
            data-prefix="fas"
            focusable="false"
            role="img"
            style={Object {}}
            viewBox="0 0 512 512"
            xmlns="http://www.w3.org/2000/svg"
          >
            <path
              d="M256 8C119 8 8 119 8 256s111 248 248 248 248-111 248-248S393 8 256 8zm57.1 350.1L224.9 294c-3.1-2.3-4.9-5.9-4.9-9.7V116c0-6.6 5.4-12 12-12h48c6.6 0 12 5.4 12 12v137.7l63.5 46.2c5.4 3.9 6.5 11.4 2.6 16.8l-28.2 38.8c-3.9 5.3-11.4 6.5-16.8 2.6z"
              fill="currentColor"
              style={Object {}}
            />
          </svg>
          <span>
            6 days ago
          </span>
        </li>
        <li
          className="meta-item"
        >
          <a
            href="/link/5c7e92d9b7e6d953fb9f35e9"
            onClick={[Function]}
          >
            <svg
              aria-hidden="true"
              className="svg-inline--fa fa-comment fa-w-16 fa-icon"
              data-icon="comment"
              data-prefix="fas"
              focusable="false"
              role="img"
              style={Object {}}
              viewBox="0 0 512 512"
              xmlns="http://www.w3.org/2000/svg"
            >
              <path
                d="M256 32C114.6 32 0 125.1 0 240c0 49.6 21.4 95 57 130.7C44.5 421.1 2.7 466 2.2 466.5c-2.2 2.3-2.8 5.7-1.5 8.7S4.8 480 8 480c66.3 0 116-31.8 140.6-51.4 32.7 12.3 69 19.4 107.4 19.4 141.4 0 256-93.1 256-208S397.4 32 256 32z"
                fill="currentColor"
                style={Object {}}
              />
            </svg>
            <span>
              25
               
              comments
            </span>
          </a>
        </li>
      </ul>
    </div>
  </div>
</div>
`;
